##### ETH 22:01:34 free=22G #####
ETH 1s: ROC=0.6179 Sh=-449.4 BH=3.5 | train=60,655,299 test=12,997,505 | ресемпл=20.2с обуч=294.6с RAM=21.82ГБ
ETH 5s: ROC=0.5642 Sh=-105.97 BH=3.19 | train=12,131,613 test=2,599,572 | ресемпл=9.1с обуч=115.6с RAM=21.82ГБ
ETH 15s: ROC=0.5312 Sh=-17.44 BH=3.06 | train=4,043,870 test=866,484 | ресемпл=6.5с обуч=94.7с RAM=21.82ГБ
ETH 30s: ROC=0.5158 Sh=-26.87 BH=3.01 | train=2,021,935 test=433,212 | ресемпл=6.3с обуч=48.1с RAM=21.82ГБ
[OK] ETH: дописано 4 -> /home/dmitriy/magistracy/cp7work/checkpoint7/sub_2023_2025_results.csv
## ETH exit=0 ##
##### BNB 22:12:31 free=22G #####
BNB 1s: ROC=0.6003 Sh=-13.25 BH=3.8 | train=60,655,299 test=12,997,505 | ресемпл=17.7с обуч=291.4с RAM=21.06ГБ
BNB 5s: ROC=0.5703 Sh=-18.43 BH=3.39 | train=12,131,613 test=2,599,572 | ресемпл=9.1с обуч=111.7с RAM=21.06ГБ
BNB 15s: ROC=0.5449 Sh=-12.26 BH=3.2 | train=4,043,870 test=866,484 | ресемпл=6.3с обуч=41.5с RAM=21.06ГБ
BNB 30s: ROC=0.5294 Sh=-4.92 BH=3.11 | train=2,021,935 test=433,212 | ресемпл=4.4с обуч=37.3с RAM=21.06ГБ
[OK] BNB: дописано 4 -> /home/dmitriy/magistracy/cp7work/checkpoint7/sub_2023_2025_results.csv
## BNB exit=0 ##
##### SOL 22:22:10 free=22G #####
SOL 1s: ROC=0.6039 Sh=-293.85 BH=1.31 | train=60,655,306 test=12,997,506 | ресемпл=18.0с обуч=286.9с RAM=21.46ГБ
SOL 5s: ROC=0.556 Sh=-10.14 BH=1.22 | train=12,131,613 test=2,599,572 | ресемпл=7.9с обуч=115.2с RAM=21.46ГБ
SOL 15s: ROC=0.5292 Sh=-1.19 BH=1.18 | train=4,043,871 test=866,484 | ресемпл=6.4с обуч=98.0с RAM=21.46ГБ
SOL 30s: ROC=0.5154 Sh=0.57 BH=1.15 | train=2,021,935 test=433,212 | ресемпл=6.0с обуч=49.9с RAM=21.46ГБ
[OK] SOL: дописано 4 -> /home/dmitriy/magistracy/cp7work/checkpoint7/sub_2023_2025_results.csv
## SOL exit=0 ##
##### XRP 22:32:59 free=22G #####
XRP 1s: ROC=0.604 Sh=1.07 BH=1.07 | train=60,655,305 test=12,997,506 | ресемпл=18.4с обуч=119.6с RAM=21.18ГБ
XRP 5s: ROC=0.5486 Sh=0.98 BH=0.98 | train=12,131,613 test=2,599,572 | ресемпл=8.8с обуч=46.9с RAM=21.18ГБ
XRP 15s: ROC=0.5328 Sh=0.95 BH=0.95 | train=4,043,871 test=866,484 | ресемпл=6.3с обуч=36.3с RAM=21.18ГБ
XRP 30s: ROC=0.5126 Sh=0.93 BH=0.93 | train=2,021,935 test=433,212 | ресемпл=6.0с обуч=18.8с RAM=21.18ГБ
[OK] XRP: дописано 4 -> /home/dmitriy/magistracy/cp7work/checkpoint7/sub_2023_2025_results.csv
## XRP exit=0 ##
ALL DONE 22:38:21
