############# BTC 1h BASELINE 12:02:39 #############
[2025-01] strat=0.19 BH=1.79 баров=744
[2025-02] strat=2.13 BH=-5.28 баров=672
[2025-03] strat=0.15 BH=-0.27 баров=744
[2025-04] strat=3.15 BH=3.09 баров=720
[2025-05] strat=3.85 BH=3.18 баров=744
[2025-06] strat=0.67 BH=1.04 баров=720
[2025-07] strat=-1.61 BH=2.75 баров=744
[2025-08] strat=-2.56 BH=-2.35 баров=744
[2025-09] strat=5.68 BH=2.28 баров=719

========================================================
WALK-FORWARD: BTC 1h, maker 1bps, 2025
========================================================
2025-01       0.19    1.79     нет
2025-02       2.13   -5.28      ДА
2025-03       0.15   -0.27      ДА
2025-04       3.15    3.09      ДА
2025-05       3.85    3.18      ДА
2025-06       0.67    1.04     нет
2025-07      -1.61    2.75     нет
2025-08      -2.56   -2.35     нет
2025-09       5.68    2.28      ДА
Месяцев strat>BH: 5/9
############# BTC 1h +ORDER-FLOW #############
[2025-01] strat=-2.53 BH=1.79 баров=744
[2025-02] strat=-3.93 BH=-5.28 баров=672
[2025-03] strat=2.16 BH=-0.27 баров=744
[2025-04] strat=3.36 BH=3.09 баров=720
[2025-05] strat=3.95 BH=3.18 баров=744
[2025-06] strat=-0.63 BH=1.04 баров=720
[2025-07] strat=3.05 BH=2.75 баров=744
[2025-08] strat=-5.65 BH=-2.35 баров=744
[2025-09] strat=7.44 BH=2.28 баров=719

========================================================
WALK-FORWARD: BTC 1h, maker 1bps, 2025
========================================================
2025-01      -2.53    1.79     нет
2025-02      -3.93   -5.28      ДА
2025-03       2.16   -0.27      ДА
2025-04       3.36    3.09      ДА
2025-05       3.95    3.18      ДА
2025-06      -0.63    1.04     нет
2025-07       3.05    2.75      ДА
2025-08      -5.65   -2.35     нет
2025-09       7.44    2.28      ДА
Месяцев strat>BH: 6/9
############# ETH 1h BASELINE 12:04:12 #############
[2025-01] strat=-1.31 BH=-0.24 баров=744
[2025-02] strat=-4.64 BH=-5.48 баров=672
[2025-03] strat=-5.27 BH=-2.71 баров=744
[2025-04] strat=-0.92 BH=-0.27 баров=720
[2025-05] strat=2.78 BH=5.37 баров=744
[2025-06] strat=0.44 BH=-0.24 баров=720
[2025-07] strat=7.47 BH=7.59 баров=744
[2025-08] strat=-1.75 BH=2.95 баров=744
[2025-09] strat=8.80 BH=-1.50 баров=719

========================================================
WALK-FORWARD: ETH 1h, maker 1bps, 2025
========================================================
2025-01      -1.31   -0.24     нет
2025-02      -4.64   -5.48      ДА
2025-03      -5.27   -2.71     нет
2025-04      -0.92   -0.27     нет
2025-05       2.78    5.37     нет
2025-06       0.44   -0.24      ДА
2025-07       7.47    7.59     нет
2025-08      -1.75    2.95     нет
2025-09       8.80   -1.50      ДА
Месяцев strat>BH: 3/9
############# ETH 1h +ORDER-FLOW #############
[2025-01] strat=-1.50 BH=-0.24 баров=744
[2025-02] strat=-6.61 BH=-5.48 баров=672
[2025-03] strat=-1.87 BH=-2.71 баров=744
[2025-04] strat=0.26 BH=-0.27 баров=720
[2025-05] strat=4.83 BH=5.37 баров=744
[2025-06] strat=-0.38 BH=-0.24 баров=720
[2025-07] strat=10.67 BH=7.59 баров=744
[2025-08] strat=4.21 BH=2.95 баров=744
[2025-09] strat=5.18 BH=-1.50 баров=719

========================================================
WALK-FORWARD: ETH 1h, maker 1bps, 2025
========================================================
2025-01      -1.50   -0.24     нет
2025-02      -6.61   -5.48     нет
2025-03      -1.87   -2.71      ДА
2025-04       0.26   -0.27      ДА
2025-05       4.83    5.37     нет
2025-06      -0.38   -0.24     нет
2025-07      10.67    7.59      ДА
2025-08       4.21    2.95      ДА
2025-09       5.18   -1.50      ДА
Месяцев strat>BH: 5/9
############# BNB 1h BASELINE 12:06:24 #############
[2025-01] strat=-1.10 BH=-1.13 баров=744
[2025-02] strat=-0.65 BH=-2.35 баров=672
[2025-03] strat=-0.07 BH=0.70 баров=744
[2025-04] strat=1.12 BH=-0.30 баров=720
[2025-05] strat=3.52 BH=2.66 баров=744
[2025-06] strat=-0.83 BH=0.09 баров=720
[2025-07] strat=5.19 BH=4.58 баров=744
[2025-08] strat=1.70 BH=2.15 баров=744
[2025-09] strat=2.21 BH=4.43 баров=719

========================================================
WALK-FORWARD: BNB 1h, maker 1bps, 2025
========================================================
2025-01      -1.10   -1.13      ДА
2025-02      -0.65   -2.35      ДА
2025-03      -0.07    0.70     нет
2025-04       1.12   -0.30      ДА
2025-05       3.52    2.66      ДА
2025-06      -0.83    0.09     нет
2025-07       5.19    4.58      ДА
2025-08       1.70    2.15     нет
2025-09       2.21    4.43     нет
Месяцев strat>BH: 5/9
############# BNB 1h +ORDER-FLOW #############
[2025-01] strat=1.70 BH=-1.13 баров=744
[2025-02] strat=-0.48 BH=-2.35 баров=672
[2025-03] strat=-2.70 BH=0.70 баров=744
[2025-04] strat=-2.12 BH=-0.30 баров=720
[2025-05] strat=4.98 BH=2.66 баров=744
[2025-06] strat=0.51 BH=0.09 баров=720
[2025-07] strat=5.73 BH=4.58 баров=744
[2025-08] strat=-0.18 BH=2.15 баров=744
[2025-09] strat=2.41 BH=4.43 баров=719

========================================================
WALK-FORWARD: BNB 1h, maker 1bps, 2025
========================================================
2025-01       1.70   -1.13      ДА
2025-02      -0.48   -2.35      ДА
2025-03      -2.70    0.70     нет
2025-04      -2.12   -0.30     нет
2025-05       4.98    2.66      ДА
2025-06       0.51    0.09      ДА
2025-07       5.73    4.58      ДА
2025-08      -0.18    2.15     нет
2025-09       2.41    4.43     нет
Месяцев strat>BH: 5/9
############# SOL 1h BASELINE 12:07:55 #############
[2025-01] strat=-6.38 BH=1.92 баров=744
[2025-02] strat=-0.35 BH=-5.55 баров=672
[2025-03] strat=-1.13 BH=-1.73 баров=744
[2025-04] strat=0.67 BH=2.19 баров=720
[2025-05] strat=2.57 BH=0.89 баров=744
[2025-06] strat=-0.42 BH=-0.16 баров=720
[2025-07] strat=2.09 BH=1.69 баров=744
[2025-08] strat=-0.71 BH=2.42 баров=744
[2025-09] strat=5.91 BH=0.79 баров=719

========================================================
WALK-FORWARD: SOL 1h, maker 1bps, 2025
========================================================
2025-01      -6.38    1.92     нет
2025-02      -0.35   -5.55      ДА
2025-03      -1.13   -1.73      ДА
2025-04       0.67    2.19     нет
2025-05       2.57    0.89      ДА
2025-06      -0.42   -0.16     нет
2025-07       2.09    1.69      ДА
2025-08      -0.71    2.42     нет
2025-09       5.91    0.79      ДА
Месяцев strat>BH: 5/9
############# SOL 1h +ORDER-FLOW #############
[2025-01] strat=-3.79 BH=1.92 баров=744
[2025-02] strat=-3.27 BH=-5.55 баров=672
[2025-03] strat=-0.99 BH=-1.73 баров=744
[2025-04] strat=1.63 BH=2.19 баров=720
[2025-05] strat=0.55 BH=0.89 баров=744
[2025-06] strat=-1.49 BH=-0.16 баров=720
[2025-07] strat=2.23 BH=1.69 баров=744
[2025-08] strat=2.35 BH=2.42 баров=744
[2025-09] strat=5.44 BH=0.79 баров=719

========================================================
WALK-FORWARD: SOL 1h, maker 1bps, 2025
========================================================
2025-01      -3.79    1.92     нет
2025-02      -3.27   -5.55      ДА
2025-03      -0.99   -1.73      ДА
2025-04       1.63    2.19     нет
2025-05       0.55    0.89     нет
2025-06      -1.49   -0.16     нет
2025-07       2.23    1.69      ДА
2025-08       2.35    2.42     нет
2025-09       5.44    0.79      ДА
Месяцев strat>BH: 4/9
############# XRP 1h BASELINE 12:09:22 #############
[2025-01] strat=1.40 BH=4.48 баров=744
[2025-02] strat=-3.50 BH=-3.61 баров=672
[2025-03] strat=2.74 BH=-0.21 баров=744
[2025-04] strat=-0.60 BH=0.71 баров=720
[2025-05] strat=2.77 BH=-0.20 баров=744
[2025-06] strat=-1.26 BH=0.65 баров=720
[2025-07] strat=6.65 BH=4.28 баров=744
[2025-08] strat=-3.95 BH=-1.35 баров=744
[2025-09] strat=0.41 BH=0.77 баров=719

========================================================
WALK-FORWARD: XRP 1h, maker 1bps, 2025
========================================================
2025-01       1.40    4.48     нет
2025-02      -3.50   -3.61      ДА
2025-03       2.74   -0.21      ДА
2025-04      -0.60    0.71     нет
2025-05       2.77   -0.20      ДА
2025-06      -1.26    0.65     нет
2025-07       6.65    4.28      ДА
2025-08      -3.95   -1.35     нет
2025-09       0.41    0.77     нет
Месяцев strat>BH: 4/9
############# XRP 1h +ORDER-FLOW #############
[2025-01] strat=-1.97 BH=4.48 баров=744
[2025-02] strat=-1.45 BH=-3.61 баров=672
[2025-03] strat=-3.85 BH=-0.21 баров=744
[2025-04] strat=1.70 BH=0.71 баров=720
[2025-05] strat=2.09 BH=-0.20 баров=744
[2025-06] strat=0.85 BH=0.65 баров=720
[2025-07] strat=-2.06 BH=4.28 баров=744
[2025-08] strat=-3.66 BH=-1.35 баров=744
[2025-09] strat=2.16 BH=0.77 баров=719

========================================================
WALK-FORWARD: XRP 1h, maker 1bps, 2025
========================================================
2025-01      -1.97    4.48     нет
2025-02      -1.45   -3.61      ДА
2025-03      -3.85   -0.21     нет
2025-04       1.70    0.71      ДА
2025-05       2.09   -0.20      ДА
2025-06       0.85    0.65      ДА
2025-07      -2.06    4.28     нет
2025-08      -3.66   -1.35     нет
2025-09       2.16    0.77      ДА
Месяцев strat>BH: 5/9
ALL DONE 12:10:54
