[2022-01] strat=-3.31 BH=-3.34 баров=744
[2022-02] strat=1.93 BH=2.33 баров=672
[2022-03] strat=1.86 BH=0.88 баров=744
[2022-04] strat=-5.31 BH=-4.97 баров=720
[2022-05] strat=0.96 BH=-2.33 баров=744
[2022-06] strat=-3.75 BH=-5.95 баров=720
[2022-07] strat=-0.68 BH=2.43 баров=744
[2022-08] strat=-4.91 BH=-3.57 баров=744
[2022-09] strat=-3.78 BH=-0.65 баров=720
[2022-10] strat=-6.14 BH=1.69 баров=744
[2022-11] strat=-2.39 BH=-3.17 баров=720
[2022-12] strat=-4.78 BH=-1.69 баров=744
[2023-01] strat=8.71 BH=8.59 баров=744
[2023-02] strat=-3.08 BH=0.02 баров=672
[2023-03] strat=3.71 BH=3.72 баров=743
[2023-04] strat=-1.71 BH=0.79 баров=720
[2023-05] strat=-6.46 BH=-2.61 баров=744
[2023-06] strat=0.77 BH=3.40 баров=720
[2023-07] strat=-2.08 BH=-1.73 баров=744
[2023-08] strat=-5.81 BH=-3.59 баров=744
[2023-09] strat=4.49 BH=1.50 баров=720
[2023-10] strat=2.56 BH=6.99 баров=744
[2023-11] strat=1.48 BH=2.72 баров=720
[2023-12] strat=-0.82 BH=3.48 баров=744
[2024-01] strat=1.95 BH=-0.00 баров=744
[2024-02] strat=8.00 BH=10.19 баров=696
[2024-03] strat=2.95 BH=2.65 баров=744
[2024-04] strat=-3.79 BH=-3.42 баров=720
[2024-05] strat=1.06 BH=2.89 баров=744
[2024-06] strat=-1.14 BH=-2.46 баров=720
[2024-07] strat=-2.25 BH=0.62 баров=744
[2024-08] strat=-2.04 BH=-1.61 баров=744
[2024-09] strat=1.94 BH=2.09 баров=720
[2024-10] strat=2.94 BH=2.86 баров=744
[2024-11] strat=2.12 BH=6.99 баров=720
[2024-12] strat=-4.09 BH=-0.44 баров=744
[2025-01] strat=0.19 BH=1.79 баров=744
[2025-02] strat=2.13 BH=-5.28 баров=672
[2025-03] strat=0.15 BH=-0.27 баров=744
[2025-04] strat=3.15 BH=3.09 баров=720
[2025-05] strat=3.85 BH=3.18 баров=744
[2025-06] strat=0.67 BH=1.04 баров=720
[2025-07] strat=-1.61 BH=2.75 баров=744
[2025-08] strat=-2.56 BH=-2.35 баров=744
[2025-09] strat=5.68 BH=2.28 баров=719

========================================================
WALK-FORWARD: BTC 1h, maker 1bps, 2025
========================================================
2022-01      -3.31   -3.34      ДА
2022-02       1.93    2.33     нет
2022-03       1.86    0.88      ДА
2022-04      -5.31   -4.97     нет
2022-05       0.96   -2.33      ДА
2022-06      -3.75   -5.95      ДА
2022-07      -0.68    2.43     нет
2022-08      -4.91   -3.57     нет
2022-09      -3.78   -0.65     нет
2022-10      -6.14    1.69     нет
2022-11      -2.39   -3.17      ДА
2022-12      -4.78   -1.69     нет
2023-01       8.71    8.59      ДА
2023-02      -3.08    0.02     нет
2023-03       3.71    3.72     нет
2023-04      -1.71    0.79     нет
2023-05      -6.46   -2.61     нет
2023-06       0.77    3.40     нет
2023-07      -2.08   -1.73     нет
2023-08      -5.81   -3.59     нет
2023-09       4.49    1.50      ДА
2023-10       2.56    6.99     нет
2023-11       1.48    2.72     нет
2023-12      -0.82    3.48     нет
2024-01       1.95   -0.00      ДА
2024-02       8.00   10.19     нет
2024-03       2.95    2.65      ДА
2024-04      -3.79   -3.42     нет
2024-05       1.06    2.89     нет
2024-06      -1.14   -2.46      ДА
2024-07      -2.25    0.62     нет
2024-08      -2.04   -1.61     нет
2024-09       1.94    2.09     нет
2024-10       2.94    2.86      ДА
2024-11       2.12    6.99     нет
2024-12      -4.09   -0.44     нет
2025-01       0.19    1.79     нет
2025-02       2.13   -5.28      ДА
2025-03       0.15   -0.27      ДА
2025-04       3.15    3.09      ДА
2025-05       3.85    3.18      ДА
2025-06       0.67    1.04     нет
2025-07      -1.61    2.75     нет
2025-08      -2.56   -2.35     нет
2025-09       5.68    2.28      ДА
Месяцев strat>BH: 16/45
