### BTC 1h ###
[2025-01] strat=0.19 BH=1.79 баров=744
[2025-02] strat=2.13 BH=-5.28 баров=672
[2025-03] strat=0.15 BH=-0.27 баров=744
[2025-04] strat=3.15 BH=3.09 баров=720
[2025-05] strat=3.85 BH=3.18 баров=744
[2025-06] strat=0.67 BH=1.04 баров=720
[2025-07] strat=-1.61 BH=2.75 баров=744
[2025-08] strat=-2.56 BH=-2.35 баров=744
[2025-09] strat=5.68 BH=2.28 баров=719

========================================================
WALK-FORWARD: BTC 1h, maker 1bps, 2025
========================================================
2025-01       0.19    1.79     нет
2025-02       2.13   -5.28      ДА
2025-03       0.15   -0.27      ДА
2025-04       3.15    3.09      ДА
2025-05       3.85    3.18      ДА
2025-06       0.67    1.04     нет
2025-07      -1.61    2.75     нет
2025-08      -2.56   -2.35     нет
2025-09       5.68    2.28      ДА
Месяцев strat>BH: 5/9
### BTC 4h ###
[2025-01] strat=1.62 BH=1.91 баров=186
[2025-02] strat=-4.58 BH=-4.46 баров=168
[2025-03] strat=-2.00 BH=-0.55 баров=186
[2025-04] strat=2.98 BH=2.99 баров=180
[2025-05] strat=3.15 BH=3.15 баров=186
[2025-06] strat=0.00 BH=0.96 баров=180
[2025-07] strat=3.15 BH=3.00 баров=186
[2025-08] strat=-2.59 BH=-2.59 баров=186
[2025-09] strat=-0.51 BH=2.70 баров=179

========================================================
WALK-FORWARD: BTC 4h, maker 1bps, 2025
========================================================
2025-01       1.62    1.91     нет
2025-02      -4.58   -4.46     нет
2025-03      -2.00   -0.55     нет
2025-04       2.98    2.99     нет
2025-05       3.15    3.15     нет
2025-06       0.00    0.96     нет
2025-07       3.15    3.00      ДА
2025-08      -2.59   -2.59     нет
2025-09      -0.51    2.70     нет
Месяцев strat>BH: 1/9
