[2025-01] strat=-2.53 BH=1.79 баров=744
[2025-02] strat=-3.93 BH=-5.28 баров=672
[2025-03] strat=2.16 BH=-0.27 баров=744
[2025-04] strat=3.36 BH=3.09 баров=720
[2025-05] strat=3.95 BH=3.18 баров=744
[2025-06] strat=-0.63 BH=1.04 баров=720
[2025-07] strat=3.05 BH=2.75 баров=744
[2025-08] strat=-5.65 BH=-2.35 баров=744
[2025-09] strat=7.44 BH=2.28 баров=719

========================================================
WALK-FORWARD: BTC 1h, maker 1bps, 2025
========================================================
2025-01      -2.53    1.79     нет
2025-02      -3.93   -5.28      ДА
2025-03       2.16   -0.27      ДА
2025-04       3.36    3.09      ДА
2025-05       3.95    3.18      ДА
2025-06      -0.63    1.04     нет
2025-07       3.05    2.75      ДА
2025-08      -5.65   -2.35     нет
2025-09       7.44    2.28      ДА
Месяцев strat>BH: 6/9
